====================
====================
=====^>>>>>>>>>>====
=====^===.=====v====
=====^===.=====v====
=====^===.=====v====
=====^===..====v====
=====^======G<<v====
=====^====..========
=====^===..=========
=====^==..==========
=====^=S.===========
=====^=v============
=====<<<============
====================
====================
====================
====================
====================
====================