====================
======.===.=======.=
==...=.....=^>>>G=.=
==.=.===.===^=====.=
==....^>>>>>>=...=.=
==.=.=^=====.=.=.=.=
==...=<<<<^=...=...=
==========^=========
======^>>>>=...=...=
==....^=======.=.===
==.===^=<<<<^=.....=
==.===^=v===^=====.=
==.===<<v=.=<<<<<<^=
==========.=======^=
==^>>>>>>=^>>>>>>>>=
==^=====v=^=========
==S=...=v>>=.......=
==.===.=.=====.===.=
=......=.......=...=
====================