====================
=Sv>v>v>v===========
==v=v=v=v===========
==v=v=v=v===========
==v=v=v=v===========
====================
==========G=========
====================
====================
====================
====================
====================
====================
====================
====================
====================
====================
====================
====================
====================