====================
====================
=====>>>>>>>>>>v====
=====^===.=====v====
=====^===.=====v====
=====^===.=====v====
=====^===..====v====
=====^======G<<<====
=====^====..========
=====^===..=========
=====^==..==========
=====^=S.===========
=====^=v============
=====^<<============
====================
====================
====================
====================
====================
====================