====================
======.===.=======.=
==...=.....=>>>>G=.=
==.=.===.===^=====.=
==....>>>>>>^=...=.=
==.=.=^=====.=.=.=.=
==...=^<<<<=...=...=
==========^=========
======>>>>^=...=...=
==....^=======.=.===
==.===^=v<<<<=.....=
==.===^=v===^=====.=
==.===^<<=.=^<<<<<<=
==========.=======^=
==>>>>>>v=>>>>>>>>^=
==^=====v=^=========
==S=...=>>^=.......=
==.===.=.=====.===.=
=......=.......=...=
====================