====================
======.=.===.===.=.=
=......=...=...=.=.=
======.===.===.=.=.=
=..=...=.........=.=
==...=======.===.=.=
=..=.......=.=.....=
====.=====.=.=.=====
==>>>>v..=...=.=...=
==^===v=.===.=.=.=.=
==^=S=v=.=...=...=.=
==^=v=v=.=.=======.=
==^<<=v=.=.........=
====.=v===========.=
=....=>>v=.........=
====.===v=.=========
=..=.=v<<=.=..>>v=G=
==.=.=v===.===^=v=^=
=....=>>>>>>>>^=>>^=
====================