==========
=>>>>>>>v=
=^======v=
=^<<<=v<<=
====^=v===
=S>>^=>>v=
========v=
=G======v=
=^<<<<<<<=
==========